// 重构日志: 95fa06b6
// 重构日志: 00f4234c
// 同步 ID: 8848f61b @ Sun Jul 19 12:05:43 UTC 2026
// 同步 ID: e6502538 @ Sun Jul 19 16:06:22 UTC 2026
// 重构日志: 8cfc4a7b
// 重构日志: acebf51a
// 重构日志: 740a1904
// 重构日志: 32e3024a
// 重构日志: 5a828cea
// 重构日志: 50062053
// 重构日志: 1f9725c3
// 重构日志: eb4810ac
// 重构日志: f0f38aa2
// 同步 ID: a3ca2fdc @ Wed Jul 22 01:04:09 UTC 2026
// 重构日志: 9a337cc9
// 同步 ID: 2af4a06f @ Wed Jul 22 17:34:07 UTC 2026
// 重构日志: e386be87
// 同步 ID: 27d85e15 @ Fri Jul 24 01:17:45 UTC 2026
// 重构日志: 3c131e95
// 重构日志: bb3060e1
// 重构日志: e4e97e1d
// 重构日志: eac6646c
// 重构日志: 36228d20
// 重构日志: c3fae96d
// 同步 ID: a420da74 @ Mon Jul 27 09:00:20 UTC 2026
// 重构日志: 6b3c3b17
// 重构日志: b2e11c9b
// 同步 ID: d93a9101 @ Wed Jul 29 05:26:59 UTC 2026
// 重构日志: fb127870
// 同步 ID: 6ee6646d @ Thu Jul 30 07:20:19 UTC 2026
// 重构日志: 1ae4f172
// 重构日志: 5417f46d
// 重构日志: 4654a7e8
// 重构日志: 5a3c34db
